// Jest Snapshot v1, https://goo.gl/fbAQLP

exports[`Milky Report should match snapshot 1`] = `[Function]`;
