// Jest Snapshot v1, https://goo.gl/fbAQLP

exports[`Milky Lint should match snapshot 1`] = `[Function]`;
