// Jest Snapshot v1, https://goo.gl/fbAQLP

exports[`ESLint Config should export rules 1`] = `
Object {
  "env": Object {
    "browser": true,
    "commonjs": true,
    "es6": true,
    "jest": true,
    "node": true,
  },
  "extends": Array [
    "eslint:recommended",
    "plugin:@typescript-eslint/eslint-recommended",
    "plugin:@typescript-eslint/recommended",
  ],
  "parser": "@typescript-eslint/parser",
  "parserOptions": Object {
    "ecmaFeatures": Object {
      "jsx": false,
    },
    "ecmaVersion": 2019,
    "jsx": true,
    "project": "./tsconfig.eslint.json",
    "sourceType": "module",
  },
  "root": true,
  "rules": Object {
    "@typescript-eslint/consistent-type-definitions": Array [
      "error",
      "interface",
    ],
    "@typescript-eslint/explicit-function-return-type": "off",
    "@typescript-eslint/interface-name-prefix": Array [
      "error",
      Object {
        "prefixWithI": "never",
      },
    ],
    "@typescript-eslint/no-for-in-array": "warn",
    "@typescript-eslint/no-non-null-assertion": "off",
    "@typescript-eslint/no-unnecessary-qualifier": "warn",
    "@typescript-eslint/no-unnecessary-type-assertion": "warn",
    "@typescript-eslint/no-useless-constructor": "warn",
    "@typescript-eslint/prefer-for-of": "warn",
    "@typescript-eslint/prefer-includes": "warn",
    "@typescript-eslint/unified-signatures": "warn",
    "eqeqeq": Array [
      "error",
      "smart",
    ],
    "no-duplicate-imports": "error",
    "no-else-return": "warn",
    "no-eval": "error",
    "no-floating-decimal": "error",
    "no-implicit-coercion": "error",
    "no-invalid-this": "error",
    "no-iterator": "error",
    "no-lone-blocks": "error",
    "no-loop-func": "error",
    "no-return-assign": "error",
    "no-sequences": "error",
    "prefer-arrow-callback": "error",
    "prefer-template": "error",
    "yoda": "error",
  },
}
`;
