// Jest Snapshot v1, https://goo.gl/fbAQLP

exports[`TSLint Config should export config 1`] = `
Object {
  "rules": Object {
    "align": Array [
      true,
      "parameters",
      "statements",
      "members",
      "elements",
    ],
    "array-type": Array [
      true,
      "array",
    ],
    "arrow-parens": Array [
      true,
      "ban-single-arg-parens",
    ],
    "arrow-return-shorthand": true,
    "await-promise": true,
    "ban-comma-operator": true,
    "binary-expression-operand-order": true,
    "class-name": true,
    "comment-format": Array [
      true,
      "check-space",
      "check-uppercase",
    ],
    "curly": Array [
      true,
      "ignore-same-line",
    ],
    "cyclomatic-complexity": Array [
      true,
      25,
    ],
    "encoding": true,
    "eofline": false,
    "forin": false,
    "import-spacing": true,
    "indent": Array [
      true,
      "spaces",
      2,
    ],
    "interface-over-type-literal": false,
    "label-position": true,
    "linebreak-style": Array [
      true,
      "LF",
    ],
    "max-classes-per-file": Array [
      true,
      1,
    ],
    "max-line-length": Array [
      true,
      200,
    ],
    "member-ordering": Array [
      true,
      Object {
        "order": "fields-first",
      },
    ],
    "newline-before-return": false,
    "no-angle-bracket-type-assertion": true,
    "no-arg": true,
    "no-bitwise": false,
    "no-boolean-literal-compare": true,
    "no-conditional-assignment": true,
    "no-consecutive-blank-lines": Array [
      true,
      2,
    ],
    "no-console": Array [
      true,
      "log",
      "error",
      "group",
      "groupEnd",
      "groupCollapsed",
      "table",
      "trace",
    ],
    "no-construct": true,
    "no-debugger": true,
    "no-duplicate-imports": true,
    "no-duplicate-super": true,
    "no-duplicate-switch-case": true,
    "no-duplicate-variable": true,
    "no-dynamic-delete": true,
    "no-empty": true,
    "no-empty-interface": true,
    "no-eval": true,
    "no-implicit-dependencies": false,
    "no-invalid-template-strings": true,
    "no-invalid-this": true,
    "no-misused-new": true,
    "no-null-keyword": false,
    "no-object-literal-type-assertion": true,
    "no-reference": true,
    "no-require-imports": false,
    "no-return-await": true,
    "no-shadowed-variable": true,
    "no-sparse-arrays": true,
    "no-string-literal": true,
    "no-string-throw": true,
    "no-tautology-expression": true,
    "no-this-assignment": true,
    "no-trailing-whitespace": Array [
      true,
      "ignore-jsdoc",
    ],
    "no-unsafe-finally": true,
    "no-unused-expression": true,
    "no-var-keyword": true,
    "no-var-requires": true,
    "number-literal-format": true,
    "object-literal-key-quotes": Array [
      true,
      "as-needed",
    ],
    "object-literal-shorthand": Array [
      true,
    ],
    "object-literal-sort-keys": Array [
      true,
      "match-declaration-order-only",
    ],
    "one-line": Array [
      true,
      "check-open-brace",
      "check-catch",
      "check-else",
      "check-whitespace",
    ],
    "only-arrow-functions": true,
    "ordered-imports": true,
    "prefer-conditional-expression": Array [
      true,
      "check-else-if",
    ],
    "prefer-const": Array [
      true,
      Object {
        "destructuring": "all",
      },
    ],
    "prefer-for-of": true,
    "prefer-method-signature": true,
    "prefer-object-spread": true,
    "prefer-template": true,
    "promise-function-async": false,
    "quotemark": Array [
      true,
      "single",
      "jsx-single",
    ],
    "radix": true,
    "semicolon": Array [
      true,
      "always",
    ],
    "space-before-function-paren": Array [
      true,
      "always",
    ],
    "space-within-parens": Array [
      true,
      0,
    ],
    "static-this": true,
    "switch-default": true,
    "trailing-comma": Array [
      true,
      Object {
        "esSpecCompliant": true,
        "multiline": Object {
          "arrays": "never",
          "functions": "never",
          "objects": "always",
          "typeLiterals": "ignore",
        },
        "singleline": "never",
      },
    ],
    "triple-equals": true,
    "unnecessary-else": true,
    "variable-name": Array [
      true,
      "ban-keywords",
      "check-format",
      "require-const-for-all-caps",
    ],
  },
}
`;
