// Jest Snapshot v1, https://goo.gl/fbAQLP

exports[`Error checking should work when passing invalid separator and equals 1`] = `
Object {
  "prop": "value",
  "prop2": "value2",
}
`;

exports[`Standard Behaviour should work when exceeding max keys 1`] = `
Object {
  "prop": Array [
    "value",
    "value",
    "value",
    "value",
    "value",
    "value",
    "value",
    "value",
    "value",
    "value",
    "value",
    "value",
    "value",
    "value",
    "value",
    "value",
    "value",
    "value",
    "value",
    "value",
    "value",
    "value",
    "value",
    "value",
    "value",
    "value",
    "value",
    "value",
    "value",
    "value",
  ],
  "prop0": Array [
    "value",
    "value",
    "value",
    "value",
    "value",
    "value",
    "value",
    "value",
    "value",
    "value",
    "value",
    "value",
    "value",
    "value",
    "value",
    "value",
    "value",
    "value",
    "value",
    "value",
    "value",
    "value",
    "value",
    "value",
    "value",
    "value",
    "value",
    "value",
    "value",
    "value",
  ],
  "prop1": Array [
    "value",
    "value",
    "value",
    "value",
    "value",
    "value",
    "value",
    "value",
    "value",
    "value",
    "value",
    "value",
    "value",
    "value",
    "value",
    "value",
    "value",
    "value",
    "value",
    "value",
    "value",
    "value",
    "value",
    "value",
    "value",
    "value",
    "value",
    "value",
    "value",
    "value",
  ],
  "prop10": Array [
    "value",
    "value",
    "value",
    "value",
    "value",
    "value",
    "value",
    "value",
    "value",
    "value",
    "value",
    "value",
    "value",
    "value",
    "value",
    "value",
    "value",
    "value",
    "value",
    "value",
    "value",
    "value",
    "value",
    "value",
    "value",
    "value",
    "value",
    "value",
    "value",
    "value",
  ],
  "prop11": Array [
    "value",
    "value",
    "value",
    "value",
    "value",
    "value",
    "value",
    "value",
    "value",
    "value",
    "value",
    "value",
    "value",
    "value",
    "value",
    "value",
    "value",
    "value",
    "value",
    "value",
    "value",
    "value",
    "value",
    "value",
    "value",
    "value",
    "value",
    "value",
    "value",
    "value",
  ],
  "prop12": Array [
    "value",
    "value",
    "value",
    "value",
    "value",
    "value",
    "value",
    "value",
    "value",
    "value",
    "value",
    "value",
    "value",
    "value",
    "value",
    "value",
    "value",
    "value",
    "value",
    "value",
    "value",
    "value",
    "value",
    "value",
    "value",
    "value",
    "value",
    "value",
    "value",
    "value",
  ],
  "prop13": Array [
    "value",
    "value",
    "value",
    "value",
    "value",
    "value",
    "value",
    "value",
    "value",
    "value",
    "value",
    "value",
    "value",
    "value",
    "value",
    "value",
    "value",
    "value",
    "value",
    "value",
    "value",
    "value",
    "value",
    "value",
    "value",
    "value",
    "value",
    "value",
    "value",
    "value",
  ],
  "prop14": Array [
    "value",
    "value",
    "value",
    "value",
    "value",
    "value",
    "value",
    "value",
    "value",
    "value",
    "value",
    "value",
    "value",
    "value",
    "value",
    "value",
    "value",
    "value",
    "value",
    "value",
    "value",
    "value",
    "value",
    "value",
    "value",
    "value",
    "value",
    "value",
    "value",
    "value",
  ],
  "prop15": Array [
    "value",
    "value",
    "value",
    "value",
    "value",
    "value",
    "value",
    "value",
    "value",
    "value",
    "value",
    "value",
    "value",
    "value",
    "value",
    "value",
    "value",
    "value",
    "value",
    "value",
    "value",
    "value",
    "value",
    "value",
    "value",
    "value",
    "value",
    "value",
    "value",
    "value",
  ],
  "prop16": Array [
    "value",
    "value",
    "value",
    "value",
    "value",
    "value",
    "value",
    "value",
    "value",
    "value",
    "value",
    "value",
    "value",
    "value",
    "value",
    "value",
    "value",
    "value",
    "value",
    "value",
    "value",
    "value",
    "value",
    "value",
    "value",
    "value",
    "value",
    "value",
    "value",
    "value",
  ],
  "prop17": Array [
    "value",
    "value",
    "value",
    "value",
    "value",
    "value",
    "value",
    "value",
    "value",
    "value",
    "value",
    "value",
    "value",
    "value",
    "value",
    "value",
    "value",
    "value",
    "value",
    "value",
    "value",
    "value",
    "value",
    "value",
    "value",
    "value",
    "value",
    "value",
    "value",
    "value",
  ],
  "prop18": Array [
    "value",
    "value",
    "value",
    "value",
    "value",
    "value",
    "value",
    "value",
    "value",
    "value",
    "value",
    "value",
    "value",
    "value",
    "value",
    "value",
    "value",
    "value",
    "value",
    "value",
    "value",
    "value",
    "value",
    "value",
    "value",
    "value",
    "value",
    "value",
    "value",
    "value",
  ],
  "prop19": Array [
    "value",
    "value",
    "value",
    "value",
    "value",
    "value",
    "value",
    "value",
    "value",
    "value",
    "value",
    "value",
    "value",
    "value",
    "value",
    "value",
    "value",
    "value",
    "value",
    "value",
    "value",
    "value",
    "value",
    "value",
    "value",
    "value",
    "value",
    "value",
    "value",
    "value",
  ],
  "prop2": Array [
    "value",
    "value",
    "value",
    "value",
    "value",
    "value",
    "value",
    "value",
    "value",
    "value",
    "value",
    "value",
    "value",
    "value",
    "value",
    "value",
    "value",
    "value",
    "value",
    "value",
    "value",
    "value",
    "value",
    "value",
    "value",
    "value",
    "value",
    "value",
    "value",
    "value",
  ],
  "prop20": Array [
    "value",
    "value",
    "value",
    "value",
    "value",
    "value",
    "value",
    "value",
    "value",
    "value",
    "value",
    "value",
    "value",
    "value",
    "value",
    "value",
    "value",
    "value",
    "value",
    "value",
    "value",
    "value",
    "value",
    "value",
    "value",
    "value",
    "value",
    "value",
    "value",
    "value",
  ],
  "prop3": Array [
    "value",
    "value",
    "value",
    "value",
    "value",
    "value",
    "value",
    "value",
    "value",
    "value",
    "value",
    "value",
    "value",
    "value",
    "value",
    "value",
    "value",
    "value",
    "value",
    "value",
    "value",
    "value",
    "value",
    "value",
    "value",
    "value",
    "value",
    "value",
    "value",
    "value",
  ],
  "prop4": Array [
    "value",
    "value",
    "value",
    "value",
    "value",
    "value",
    "value",
    "value",
    "value",
    "value",
    "value",
    "value",
    "value",
    "value",
    "value",
    "value",
    "value",
    "value",
    "value",
    "value",
    "value",
    "value",
    "value",
    "value",
    "value",
    "value",
    "value",
    "value",
    "value",
    "value",
  ],
  "prop5": Array [
    "value",
    "value",
    "value",
    "value",
    "value",
    "value",
    "value",
    "value",
    "value",
    "value",
    "value",
    "value",
    "value",
    "value",
    "value",
    "value",
    "value",
    "value",
    "value",
    "value",
    "value",
    "value",
    "value",
    "value",
    "value",
    "value",
    "value",
    "value",
    "value",
    "value",
  ],
  "prop6": Array [
    "value",
    "value",
    "value",
    "value",
    "value",
    "value",
    "value",
    "value",
    "value",
    "value",
    "value",
    "value",
    "value",
    "value",
    "value",
    "value",
    "value",
    "value",
    "value",
    "value",
    "value",
    "value",
    "value",
    "value",
    "value",
    "value",
    "value",
    "value",
    "value",
    "value",
  ],
  "prop7": Array [
    "value",
    "value",
    "value",
    "value",
    "value",
    "value",
    "value",
    "value",
    "value",
    "value",
    "value",
    "value",
    "value",
    "value",
    "value",
    "value",
    "value",
    "value",
    "value",
    "value",
    "value",
    "value",
    "value",
    "value",
    "value",
    "value",
    "value",
    "value",
    "value",
    "value",
  ],
  "prop8": Array [
    "value",
    "value",
    "value",
    "value",
    "value",
    "value",
    "value",
    "value",
    "value",
    "value",
    "value",
    "value",
    "value",
    "value",
    "value",
    "value",
    "value",
    "value",
    "value",
    "value",
    "value",
    "value",
    "value",
    "value",
    "value",
    "value",
    "value",
    "value",
    "value",
    "value",
  ],
  "prop9": Array [
    "value",
    "value",
    "value",
    "value",
    "value",
    "value",
    "value",
    "value",
    "value",
    "value",
    "value",
    "value",
    "value",
    "value",
    "value",
    "value",
    "value",
    "value",
    "value",
    "value",
    "value",
    "value",
    "value",
    "value",
    "value",
    "value",
    "value",
    "value",
    "value",
    "value",
  ],
}
`;

exports[`Standard Behaviour should work when key exists multiple times 1`] = `
Object {
  "prop": Array [
    "value",
    "value",
  ],
}
`;

exports[`Standard Behaviour should work when key has array-like value 1`] = `
Object {
  "prop": "['value', 'value']",
}
`;

exports[`Standard Behaviour should work when passing a full URL 1`] = `
Object {
  "prop": "value",
  "prop2": "value2",
}
`;

exports[`Standard Behaviour should work with empty input 1`] = `Object {}`;

exports[`Standard Behaviour should work with no parameters 1`] = `Object {}`;

exports[`Standard Behaviour should work with valid options 1`] = `
Object {
  "prop": "value",
  "prop2": "value2",
}
`;

exports[`Standard Behaviour should work without options 1`] = `
Object {
  "prop": "value",
  "prop2": "value2",
}
`;
