// Jest Snapshot v1, https://goo.gl/fbAQLP

exports[`Error checking should work with invalid separator and equals options 1`] = `"?propnullvaluenullprop2nullvalue2"`;

exports[`Error checking should work with wrong options 1`] = `"prop%value=prop2%value2"`;

exports[`Standard Behaviour confirm default export works 1`] = `"?prop=value&prop2=value2"`;

exports[`Standard Behaviour should encode Uri Components when specified 1`] = `"prop=value%2B_%7B%7D%22%3A"`;

exports[`Standard Behaviour should exclude props that are undefined or null 1`] = `"prop=&prop2="`;

exports[`Standard Behaviour should not encode Uri Components when specified 1`] = `"prop=value+_{}\\":"`;

exports[`Standard Behaviour should work with empty input 1`] = `""`;

exports[`Standard Behaviour should work with empty input and custom options 1`] = `"?"`;

exports[`Standard Behaviour should work with valid options 1`] = `"?prop=value&prop2=value2"`;

exports[`Standard Behaviour should work without options 1`] = `"prop=value&prop2=value2&prop3=true&prop4=6&prop5=false&prop6=&prop7=value1&prop7=value2&prop8="`;
