// Jest Snapshot v1, https://goo.gl/fbAQLP

exports[`ytdl-prismplayer should match snapshot 1`] = `[Function]`;

exports[`ytdl-prismplayer should match snapshot 2`] = `[Function]`;
