// Jest Snapshot v1, https://goo.gl/fbAQLP

exports[`ytdl-core validation should export chooseFormat 1`] = `[Function]`;

exports[`ytdl-core validation should export downloadFromInfo 1`] = `[Function]`;

exports[`ytdl-core validation should export filterFormats 1`] = `[Function]`;

exports[`ytdl-core validation should export getBasicInfo 1`] = `[Function]`;

exports[`ytdl-core validation should export getInfo 1`] = `[Function]`;

exports[`ytdl-core validation should export getURLVideoID 1`] = `[Function]`;

exports[`ytdl-core validation should export getVideoID 1`] = `[Function]`;

exports[`ytdl-core validation should export validateID 1`] = `[Function]`;

exports[`ytdl-core validation should export validateURL 1`] = `[Function]`;
